[    0.0s] === run baseline: constructing sim ===
WARNING:root:The dataset contains 189 column(s) that do not match any variable in the tax-benefit system and were ignored: ACTC_CRD, AGI, ANN_VAL, A_AGE, A_ENRLW, A_EXPRRP, A_FAMREL, A_FAMTYP, A_FNLWGT, A_FTPT, … (179 more)
[   11.6s] === run baseline: sim ready ===
[   11.9s] denominators done
[  135.4s] snap done
[  135.7s] ssi done
[  136.2s] tanf done
[  142.2s] wic done
[  142.2s] eitc/ctc done
[  142.3s] housing done
[  221.1s] poverty done (var=spm_unit_is_in_spm_poverty)
[  221.1s] === run baseline complete: 9838 cumulative rows ===
[  222.4s] persisted 9838 rows after baseline
[  222.4s] === run fullpart_all: constructing sim ===
WARNING:root:The dataset contains 189 column(s) that do not match any variable in the tax-benefit system and were ignored: ACTC_CRD, AGI, ANN_VAL, A_AGE, A_ENRLW, A_EXPRRP, A_FAMREL, A_FAMTYP, A_FNLWGT, A_FTPT, … (179 more)
[  224.5s]   flag means after set: {'takes_up_aca_if_eligible': 1.0, 'takes_up_dc_ptc': 1.0, 'takes_up_early_head_start_if_eligible': 1.0, 'takes_up_eitc': 1.0, 'takes_up_head_start_if_eligible': 1.0, 'takes_up_housing_assistance_if_eligible': 1.0, 'takes_up_medicaid_if_eligible': 1.0, 'takes_up_medicare_if_eligible': 1.0, 'takes_up_snap_if_eligible': 1.0, 'takes_up_ssi_if_eligible': 1.0, 'takes_up_tanf_if_eligible': 1.0, 'takes_up_wic_if_eligible': 1.0}
[  224.5s] === run fullpart_all: sim ready ===
[  224.8s] denominators done
[  345.5s] snap done
[  345.8s] ssi done
[  346.3s] tanf done
[  354.3s] wic done
[  354.3s] eitc/ctc done
[  354.4s] housing done
[  441.8s] poverty done (var=spm_unit_is_in_spm_poverty)
[  441.8s] === run fullpart_all complete: 19676 cumulative rows ===
[  442.9s] persisted 19676 rows after fullpart_all
[  442.9s] === run fullpart_urban6: constructing sim ===
WARNING:root:The dataset contains 189 column(s) that do not match any variable in the tax-benefit system and were ignored: ACTC_CRD, AGI, ANN_VAL, A_AGE, A_ENRLW, A_EXPRRP, A_FAMREL, A_FAMTYP, A_FNLWGT, A_FTPT, … (179 more)
[  445.0s]   flag means after set: {'takes_up_snap_if_eligible': 1.0, 'takes_up_ssi_if_eligible': 1.0, 'takes_up_tanf_if_eligible': 1.0, 'takes_up_housing_assistance_if_eligible': 1.0, 'takes_up_eitc': 1.0, 'takes_up_wic_if_eligible': 1.0}
[  445.0s] === run fullpart_urban6: sim ready ===
[  445.3s] denominators done
[  563.2s] snap done
[  563.5s] ssi done
[  564.0s] tanf done
[  572.7s] wic done
[  572.7s] eitc/ctc done
[  572.8s] housing done
[  657.2s] poverty done (var=spm_unit_is_in_spm_poverty)
[  657.2s] === run fullpart_urban6 complete: 29514 cumulative rows ===
[  658.4s] persisted 29514 rows after fullpart_urban6
[  658.4s] DONE: 29514 rows -> /Users/pavelmakarchuk/policyengine-scorecard/data/pe
